src/components/PDF/CVDocument.tsx(1,1): error TS6133: 'React' is declared but its value is never read.
src/components/Sections/About.tsx(3,43): error TS6133: 'FaCertificate' is declared but its value is never read.
src/components/Sections/Experience.tsx(3,55): error TS6133: 'FaCube' is declared but its value is never read.
src/components/Sections/Experience.tsx(3,75): error TS6133: 'FaNetworkWired' is declared but its value is never read.
src/components/Sections/Experience.tsx(3,125): error TS6133: 'FaAws' is declared but its value is never read.
src/components/Sections/Skills.tsx(3,102): error TS6133: 'FaHandshake' is declared but its value is never read.
src/components/Sections/Skills.tsx(4,66): error TS6133: 'SiNestjs' is declared but its value is never read.
src/components/Sections/Skills.tsx(4,88): error TS6133: 'SiExpress' is declared but its value is never read.
