src/components/UI/GlassCard.tsx(1,17): error TS1484: 'ReactNode' is a type and must be imported using a type-only import when 'verbatimModuleSyntax' is enabled.
src/hooks/useContactForm.ts(3,18): error TS2307: Cannot find module 'sweetalert2' or its corresponding type declarations.
src/hooks/useContactForm.ts(25,40): error TS2339: Property 'errors' does not exist on type '{ title: string; subtitle: string; infoTitle: string; followMe: string; messageTitle: string; form: { name: string; email: string; subject: string; message: string; send: string; sent: string; }; }'.
src/hooks/useContactForm.ts(29,43): error TS2339: Property 'errors' does not exist on type '{ title: string; subtitle: string; infoTitle: string; followMe: string; messageTitle: string; form: { name: string; email: string; subject: string; message: string; send: string; sent: string; }; }'.
src/hooks/useContactForm.ts(33,43): error TS2339: Property 'errors' does not exist on type '{ title: string; subtitle: string; infoTitle: string; followMe: string; messageTitle: string; form: { name: string; email: string; subject: string; message: string; send: string; sent: string; }; }'.
src/hooks/useContactForm.ts(64,30): error TS2339: Property 'success' does not exist on type '{ title: string; subtitle: string; infoTitle: string; followMe: string; messageTitle: string; form: { name: string; email: string; subject: string; message: string; send: string; sent: string; }; }'.
src/hooks/useContactForm.ts(65,29): error TS2339: Property 'success' does not exist on type '{ title: string; subtitle: string; infoTitle: string; followMe: string; messageTitle: string; form: { name: string; email: string; subject: string; message: string; send: string; sent: string; }; }'.
